[Sun Jun 20 06:25:01.880126 2021] [mpm_event:notice] [pid 11306:tid 140341438166784] AH00489: Apache/2.4.41 (Unix) OpenSSL/1.1.1c configured -- resuming normal operations
[Sun Jun 20 06:25:01.880148 2021] [core:notice] [pid 11306:tid 140341438166784] AH00094: Command line: '/opt/bitnami/apache2/bin/httpd.bin -f /opt/bitnami/apache2/conf/httpd.conf -D DISABLE_BANNER'
[Sun Jun 20 06:25:01.880154 2021] [mpm_event:notice] [pid 11306:tid 140341438166784] AH00493: SIGUSR1 received.  Doing graceful restart
[Sun Jun 20 06:25:02.010537 2021] [mpm_event:notice] [pid 11306:tid 140341438166784] AH00489: Apache/2.4.41 (Unix) OpenSSL/1.1.1c configured -- resuming normal operations
[Sun Jun 20 06:25:02.010564 2021] [core:notice] [pid 11306:tid 140341438166784] AH00094: Command line: '/opt/bitnami/apache2/bin/httpd.bin -f /opt/bitnami/apache2/conf/httpd.conf -D DISABLE_BANNER'
[Sun Jun 20 07:54:10.630615 2021] [pagespeed:error] [pid 12811:tid 140340589483776] [mod_pagespeed 1.13.35.2-0 @12811] PageSpeed Serf fetch failure rate extremely high; only 14 of 30 recent fetches fully successful; is fetching working?
[Sun Jun 20 10:40:59.886847 2021] [proxy_fcgi:error] [pid 12998:tid 140340790908672] (-102)Unknown error -102: [client 157.245.176.143:55448] AH01075: Error dispatching request to : (reading input brigade)
[Sun Jun 20 11:52:36.004874 2021] [pagespeed:error] [pid 12998:tid 140340597876480] [mod_pagespeed 1.13.35.2-0 @12998] PageSpeed Serf fetch failure rate extremely high; only 16 of 43 recent fetches fully successful; is fetching working?
[Sun Jun 20 16:44:47.498445 2021] [pagespeed:error] [pid 12998:tid 140340597876480] [mod_pagespeed 1.13.35.2-0 @12998] PageSpeed Serf fetch failure rate extremely high; only 14 of 34 recent fetches fully successful; is fetching working?
[Sun Jun 20 20:08:11.396164 2021] [pagespeed:error] [pid 12998:tid 140340597876480] [mod_pagespeed 1.13.35.2-0 @12998] PageSpeed Serf fetch failure rate extremely high; only 1 of 28 recent fetches fully successful; is fetching working?
[Sun Jun 20 22:45:58.753340 2021] [pagespeed:error] [pid 12998:tid 140340597876480] [mod_pagespeed 1.13.35.2-0 @12998] PageSpeed Serf fetch failure rate extremely high; only 15 of 44 recent fetches fully successful; is fetching working?
[Sun Jun 20 23:45:57.727791 2021] [pagespeed:error] [pid 12998:tid 140340597876480] [mod_pagespeed 1.13.35.2-0 @12998] PageSpeed Serf fetch failure rate extremely high; only 30 of 74 recent fetches fully successful; is fetching working?
[Mon Jun 21 00:00:05.840437 2021] [mpm_event:notice] [pid 11306:tid 140341438166784] AH00493: SIGUSR1 received.  Doing graceful restart
[Mon Jun 21 00:00:06.142263 2021] [mpm_event:notice] [pid 11306:tid 140341438166784] AH00489: Apache/2.4.41 (Unix) OpenSSL/1.1.1c configured -- resuming normal operations
[Mon Jun 21 00:00:06.142290 2021] [core:notice] [pid 11306:tid 140341438166784] AH00094: Command line: '/opt/bitnami/apache2/bin/httpd.bin -f /opt/bitnami/apache2/conf/httpd.conf -D DISABLE_BANNER'
[Mon Jun 21 00:46:34.996546 2021] [pagespeed:error] [pid 18679:tid 140340589483776] [mod_pagespeed 1.13.35.2-0 @18679] PageSpeed Serf fetch failure rate extremely high; only 15 of 44 recent fetches fully successful; is fetching working?
[Mon Jun 21 02:05:35.984595 2021] [pagespeed:error] [pid 18679:tid 140340589483776] [mod_pagespeed 1.13.35.2-0 @18679] PageSpeed Serf fetch failure rate extremely high; only 14 of 29 recent fetches fully successful; is fetching working?
[Mon Jun 21 02:54:53.518744 2021] [pagespeed:error] [pid 18679:tid 140340589483776] [mod_pagespeed 1.13.35.2-0 @18679] PageSpeed Serf fetch failure rate extremely high; only 1 of 15 recent fetches fully successful; is fetching working?
[Mon Jun 21 05:42:00.199350 2021] [pagespeed:error] [pid 18679:tid 140340589483776] [mod_pagespeed 1.13.35.2-0 @18679] PageSpeed Serf fetch failure rate extremely high; only 0 of 29 recent fetches fully successful; is fetching working?
[Mon Jun 21 06:44:12.542030 2021] [pagespeed:error] [pid 18679:tid 140340589483776] [mod_pagespeed 1.13.35.2-0 @18679] PageSpeed Serf fetch failure rate extremely high; only 1 of 14 recent fetches fully successful; is fetching working?
[Mon Jun 21 08:14:24.089703 2021] [autoindex:error] [pid 18679:tid 140341059475200] [client 144.202.46.151:54099] AH01276: Cannot serve directory /opt/bitnami/apps/wordpress/htdocs/wp-includes/: No matching DirectoryIndex (index.html,index.php) found, and server-generated directory index forbidden by Options directive, referer: www.google.com
[Mon Jun 21 14:43:23.991792 2021] [pagespeed:error] [pid 18522:tid 140340589483776] [mod_pagespeed 1.13.35.2-0 @18522] PageSpeed Serf fetch failure rate extremely high; only 1 of 14 recent fetches fully successful; is fetching working?
[Mon Jun 21 16:40:55.168188 2021] [core:error] [pid 18679:tid 140340715374336] [client 45.146.166.253:42638] AH00126: Invalid URI in request GET /dana-na/../dana/html5acc/guacamole/../../../../../../etc/passwd?/dana/html5acc/guacamole/ HTTP/1.1
[Mon Jun 21 19:53:09.492984 2021] [pagespeed:error] [pid 18679:tid 140340589483776] [mod_pagespeed 1.13.35.2-0 @18679] PageSpeed Serf fetch failure rate extremely high; only 1 of 14 recent fetches fully successful; is fetching working?
[Mon Jun 21 22:54:46.969947 2021] [pagespeed:error] [pid 18679:tid 140340589483776] [mod_pagespeed 1.13.35.2-0 @18679] PageSpeed Serf fetch failure rate extremely high; only 15 of 34 recent fetches fully successful; is fetching working?
[Tue Jun 22 00:00:04.721259 2021] [mpm_event:notice] [pid 11306:tid 140341438166784] AH00493: SIGUSR1 received.  Doing graceful restart
[Tue Jun 22 00:00:05.190753 2021] [mpm_event:notice] [pid 11306:tid 140341438166784] AH00489: Apache/2.4.41 (Unix) OpenSSL/1.1.1c configured -- resuming normal operations
[Tue Jun 22 00:00:05.190781 2021] [core:notice] [pid 11306:tid 140341438166784] AH00094: Command line: '/opt/bitnami/apache2/bin/httpd.bin -f /opt/bitnami/apache2/conf/httpd.conf -D DISABLE_BANNER'
[Tue Jun 22 01:19:46.304146 2021] [pagespeed:error] [pid 25021:tid 140340581091072] [mod_pagespeed 1.13.35.2-0 @25021] PageSpeed Serf fetch failure rate extremely high; only 0 of 29 recent fetches fully successful; is fetching working?
[Tue Jun 22 01:50:15.763873 2021] [pagespeed:error] [pid 25021:tid 140340581091072] [mod_pagespeed 1.13.35.2-0 @25021] PageSpeed Serf fetch failure rate extremely high; only 0 of 14 recent fetches fully successful; is fetching working?
[Tue Jun 22 02:20:45.063554 2021] [pagespeed:error] [pid 24881:tid 140340581091072] [mod_pagespeed 1.13.35.2-0 @24881] PageSpeed Serf fetch failure rate extremely high; only 0 of 18 recent fetches fully successful; is fetching working?
[Tue Jun 22 02:55:32.945711 2021] [pagespeed:error] [pid 25021:tid 140340581091072] [mod_pagespeed 1.13.35.2-0 @25021] PageSpeed Serf fetch failure rate extremely high; only 15 of 56 recent fetches fully successful; is fetching working?
[Tue Jun 22 03:26:26.474999 2021] [pagespeed:error] [pid 24881:tid 140340581091072] [mod_pagespeed 1.13.35.2-0 @24881] PageSpeed Serf fetch failure rate extremely high; only 1 of 66 recent fetches fully successful; is fetching working?
[Tue Jun 22 04:02:42.772142 2021] [pagespeed:error] [pid 25021:tid 140340581091072] [mod_pagespeed 1.13.35.2-0 @25021] PageSpeed Serf fetch failure rate extremely high; only 14 of 55 recent fetches fully successful; is fetching working?
[Tue Jun 22 05:14:27.161675 2021] [pagespeed:error] [pid 25021:tid 140340581091072] [mod_pagespeed 1.13.35.2-0 @25021] PageSpeed Serf fetch failure rate extremely high; only 15 of 43 recent fetches fully successful; is fetching working?
[Tue Jun 22 09:28:46.500547 2021] [pagespeed:error] [pid 25021:tid 140340581091072] [mod_pagespeed 1.13.35.2-0 @25021] PageSpeed Serf fetch failure rate extremely high; only 1 of 32 recent fetches fully successful; is fetching working?
[Tue Jun 22 10:10:21.914327 2021] [pagespeed:error] [pid 24881:tid 140340581091072] [mod_pagespeed 1.13.35.2-0 @24881] PageSpeed Serf fetch failure rate extremely high; only 14 of 33 recent fetches fully successful; is fetching working?
[Tue Jun 22 10:40:47.766808 2021] [pagespeed:error] [pid 25021:tid 140340581091072] [mod_pagespeed 1.13.35.2-0 @25021] PageSpeed Serf fetch failure rate extremely high; only 16 of 76 recent fetches fully successful; is fetching working?
[Tue Jun 22 12:07:54.019330 2021] [proxy_fcgi:error] [pid 25021:tid 140341025904384] (70008)Partial results are valid but processing is incomplete: [client 114.134.24.189:29936] AH01075: Error dispatching request to : (reading input brigade)
[Tue Jun 22 12:39:22.628558 2021] [pagespeed:error] [pid 25021:tid 140340581091072] [mod_pagespeed 1.13.35.2-0 @25021] PageSpeed Serf fetch failure rate extremely high; only 30 of 67 recent fetches fully successful; is fetching working?
[Tue Jun 22 13:32:15.015360 2021] [pagespeed:error] [pid 25021:tid 140340581091072] [mod_pagespeed 1.13.35.2-0 @25021] PageSpeed Serf fetch failure rate extremely high; only 15 of 33 recent fetches fully successful; is fetching working?
[Tue Jun 22 14:13:57.162216 2021] [pagespeed:error] [pid 25021:tid 140340581091072] [mod_pagespeed 1.13.35.2-0 @25021] PageSpeed Serf fetch failure rate extremely high; only 16 of 62 recent fetches fully successful; is fetching working?
[Tue Jun 22 16:11:18.058562 2021] [pagespeed:error] [pid 25021:tid 140340581091072] [mod_pagespeed 1.13.35.2-0 @25021] PageSpeed Serf fetch failure rate extremely high; only 16 of 52 recent fetches fully successful; is fetching working?
[Tue Jun 22 17:46:06.486920 2021] [proxy_fcgi:error] [pid 25021:tid 140340681803520] (70008)Partial results are valid but processing is incomplete: [client 39.71.176.133:38433] AH01075: Error dispatching request to : (reading input brigade)
[Tue Jun 22 18:19:24.246366 2021] [pagespeed:error] [pid 25021:tid 140340581091072] [mod_pagespeed 1.13.35.2-0 @25021] PageSpeed Serf fetch failure rate extremely high; only 1 of 39 recent fetches fully successful; is fetching working?
[Tue Jun 22 20:11:07.998560 2021] [pagespeed:error] [pid 25021:tid 140340581091072] [mod_pagespeed 1.13.35.2-0 @25021] PageSpeed Serf fetch failure rate extremely high; only 16 of 44 recent fetches fully successful; is fetching working?
[Tue Jun 22 20:55:50.831956 2021] [proxy_fcgi:error] [pid 25021:tid 140341109831424] (-102)Unknown error -102: [client 138.68.249.116:50064] AH01075: Error dispatching request to : (reading input brigade)
[Tue Jun 22 22:42:48.305966 2021] [pagespeed:error] [pid 25021:tid 140340581091072] [mod_pagespeed 1.13.35.2-0 @25021] PageSpeed Serf fetch failure rate extremely high; only 0 of 23 recent fetches fully successful; is fetching working?
[Tue Jun 22 23:58:36.605113 2021] [pagespeed:error] [pid 24881:tid 140340581091072] [mod_pagespeed 1.13.35.2-0 @24881] PageSpeed Serf fetch failure rate extremely high; only 29 of 59 recent fetches fully successful; is fetching working?
[Wed Jun 23 00:00:06.004786 2021] [mpm_event:notice] [pid 11306:tid 140341438166784] AH00493: SIGUSR1 received.  Doing graceful restart
[Wed Jun 23 00:00:06.296550 2021] [mpm_event:notice] [pid 11306:tid 140341438166784] AH00489: Apache/2.4.41 (Unix) OpenSSL/1.1.1c configured -- resuming normal operations
[Wed Jun 23 00:00:06.296574 2021] [core:notice] [pid 11306:tid 140341438166784] AH00094: Command line: '/opt/bitnami/apache2/bin/httpd.bin -f /opt/bitnami/apache2/conf/httpd.conf -D DISABLE_BANNER'
[Wed Jun 23 00:11:09.706495 2021] [pagespeed:error] [pid 31962:tid 140340597876480] [mod_pagespeed 1.13.35.2-0 @31962] Slow ReadFile operation on file /opt/bitnami/apache2/var/cache/mod_pagespeed/v3/35.172.69.172/http,3A/,2F35.172.69.172/wp-includes/css/dist/block-library/theme.min.css,3Fver=5.6.4,: 54.816ms; configure SlowFileLatencyUs to change threshold\n
[Wed Jun 23 02:52:22.241895 2021] [pagespeed:error] [pid 31962:tid 140340589483776] [mod_pagespeed 1.13.35.2-0 @31962] PageSpeed Serf fetch failure rate extremely high; only 1 of 38 recent fetches fully successful; is fetching working?
[Wed Jun 23 04:11:15.382433 2021] [pagespeed:error] [pid 31962:tid 140340589483776] [mod_pagespeed 1.13.35.2-0 @31962] PageSpeed Serf fetch failure rate extremely high; only 16 of 52 recent fetches fully successful; is fetching working?
[Wed Jun 23 04:43:56.828529 2021] [authz_core:error] [pid 31962:tid 140340673410816] [client 15.228.9.207:41020] AH01630: client denied by server configuration: /opt/bitnami/apps/phpmyadmin/htdocs/
[Wed Jun 23 07:02:41.356292 2021] [pagespeed:error] [pid 31962:tid 140340589483776] [mod_pagespeed 1.13.35.2-0 @31962] PageSpeed Serf fetch failure rate extremely high; only 1 of 19 recent fetches fully successful; is fetching working?
[Wed Jun 23 07:06:58.389824 2021] [authz_core:error] [pid 31962:tid 140340916799232] [client 80.13.88.221:51791] AH01630: client denied by server configuration: /opt/bitnami/apps/phpmyadmin/htdocs/
[Wed Jun 23 07:32:57.397326 2021] [pagespeed:error] [pid 31962:tid 140340589483776] [mod_pagespeed 1.13.35.2-0 @31962] PageSpeed Serf fetch failure rate extremely high; only 14 of 37 recent fetches fully successful; is fetching working?
[Wed Jun 23 08:08:37.630280 2021] [pagespeed:error] [pid 31962:tid 140340589483776] [mod_pagespeed 1.13.35.2-0 @31962] PageSpeed Serf fetch failure rate extremely high; only 15 of 34 recent fetches fully successful; is fetching working?
[Wed Jun 23 09:24:59.455847 2021] [pagespeed:error] [pid 31824:tid 140340581091072] [mod_pagespeed 1.13.35.2-0 @31824] PageSpeed Serf fetch failure rate extremely high; only 30 of 64 recent fetches fully successful; is fetching working?
[Wed Jun 23 10:12:14.861147 2021] [pagespeed:error] [pid 31823:tid 140340572698368] [mod_pagespeed 1.13.35.2-0 @31823] PageSpeed Serf fetch failure rate extremely high; only 15 of 58 recent fetches fully successful; is fetching working?
[Wed Jun 23 10:46:16.127019 2021] [pagespeed:error] [pid 31823:tid 140340572698368] [mod_pagespeed 1.13.35.2-0 @31823] PageSpeed Serf fetch failure rate extremely high; only 16 of 39 recent fetches fully successful; is fetching working?
[Wed Jun 23 11:24:08.123371 2021] [pagespeed:error] [pid 31823:tid 140340572698368] [mod_pagespeed 1.13.35.2-0 @31823] PageSpeed Serf fetch failure rate extremely high; only 29 of 74 recent fetches fully successful; is fetching working?
[Wed Jun 23 12:02:12.999405 2021] [pagespeed:error] [pid 31823:tid 140340572698368] [mod_pagespeed 1.13.35.2-0 @31823] PageSpeed Serf fetch failure rate extremely high; only 0 of 14 recent fetches fully successful; is fetching working?
[Wed Jun 23 14:03:34.761929 2021] [pagespeed:error] [pid 31823:tid 140340572698368] [mod_pagespeed 1.13.35.2-0 @31823] PageSpeed Serf fetch failure rate extremely high; only 28 of 57 recent fetches fully successful; is fetching working?
[Wed Jun 23 14:46:59.805878 2021] [pagespeed:error] [pid 31823:tid 140340572698368] [mod_pagespeed 1.13.35.2-0 @31823] PageSpeed Serf fetch failure rate extremely high; only 1 of 19 recent fetches fully successful; is fetching working?
[Wed Jun 23 17:55:32.947696 2021] [authz_core:error] [pid 31962:tid 140340824479488] [client 45.61.184.166:59904] AH01630: client denied by server configuration: /opt/bitnami/apps/phpmyadmin/htdocs/scripts
[Wed Jun 23 19:29:23.437428 2021] [pagespeed:error] [pid 31962:tid 140340589483776] [mod_pagespeed 1.13.35.2-0 @31962] PageSpeed Serf fetch failure rate extremely high; only 30 of 67 recent fetches fully successful; is fetching working?
[Wed Jun 23 20:00:48.655318 2021] [pagespeed:error] [pid 31962:tid 140340589483776] [mod_pagespeed 1.13.35.2-0 @31962] PageSpeed Serf fetch failure rate extremely high; only 0 of 14 recent fetches fully successful; is fetching working?
[Wed Jun 23 21:31:54.466858 2021] [pagespeed:error] [pid 31823:tid 140340572698368] [mod_pagespeed 1.13.35.2-0 @31823] PageSpeed Serf fetch failure rate extremely high; only 1 of 24 recent fetches fully successful; is fetching working?
[Wed Jun 23 22:53:39.632928 2021] [pagespeed:error] [pid 31962:tid 140340589483776] [mod_pagespeed 1.13.35.2-0 @31962] PageSpeed Serf fetch failure rate extremely high; only 36 of 73 recent fetches fully successful; is fetching working?
[Wed Jun 23 23:39:14.905948 2021] [pagespeed:error] [pid 31823:tid 140340572698368] [mod_pagespeed 1.13.35.2-0 @31823] PageSpeed Serf fetch failure rate extremely high; only 30 of 63 recent fetches fully successful; is fetching working?
[Thu Jun 24 00:00:05.338293 2021] [mpm_event:notice] [pid 11306:tid 140341438166784] AH00493: SIGUSR1 received.  Doing graceful restart
[Thu Jun 24 00:00:05.708384 2021] [mpm_event:notice] [pid 11306:tid 140341438166784] AH00489: Apache/2.4.41 (Unix) OpenSSL/1.1.1c configured -- resuming normal operations
[Thu Jun 24 00:00:05.708403 2021] [core:notice] [pid 11306:tid 140341438166784] AH00094: Command line: '/opt/bitnami/apache2/bin/httpd.bin -f /opt/bitnami/apache2/conf/httpd.conf -D DISABLE_BANNER'
[Thu Jun 24 01:28:01.941020 2021] [pagespeed:error] [pid 5710:tid 140340589483776] [mod_pagespeed 1.13.35.2-0 @5710] PageSpeed Serf fetch failure rate extremely high; only 15 of 38 recent fetches fully successful; is fetching working?
[Thu Jun 24 02:16:11.346784 2021] [pagespeed:error] [pid 5710:tid 140340589483776] [mod_pagespeed 1.13.35.2-0 @5710] PageSpeed Serf fetch failure rate extremely high; only 1 of 14 recent fetches fully successful; is fetching working?
[Thu Jun 24 04:22:43.350568 2021] [pagespeed:error] [pid 5710:tid 140340589483776] [mod_pagespeed 1.13.35.2-0 @5710] PageSpeed Serf fetch failure rate extremely high; only 31 of 68 recent fetches fully successful; is fetching working?
[Thu Jun 24 06:22:03.865803 2021] [pagespeed:error] [pid 5547:tid 140340589483776] [mod_pagespeed 1.13.35.2-0 @5547] PageSpeed Serf fetch failure rate extremely high; only 15 of 48 recent fetches fully successful; is fetching working?
[Thu Jun 24 08:10:43.682788 2021] [pagespeed:error] [pid 5710:tid 140340589483776] [mod_pagespeed 1.13.35.2-0 @5710] PageSpeed Serf fetch failure rate extremely high; only 16 of 58 recent fetches fully successful; is fetching working?
[Thu Jun 24 12:10:38.448266 2021] [pagespeed:error] [pid 5710:tid 140340589483776] [mod_pagespeed 1.13.35.2-0 @5710] PageSpeed Serf fetch failure rate extremely high; only 1 of 29 recent fetches fully successful; is fetching working?
[Thu Jun 24 17:55:22.940936 2021] [pagespeed:error] [pid 5710:tid 140340589483776] [mod_pagespeed 1.13.35.2-0 @5710] PageSpeed Serf fetch failure rate extremely high; only 15 of 45 recent fetches fully successful; is fetching working?
[Thu Jun 24 19:55:16.453639 2021] [pagespeed:error] [pid 5547:tid 140340589483776] [mod_pagespeed 1.13.35.2-0 @5547] PageSpeed Serf fetch failure rate extremely high; only 30 of 63 recent fetches fully successful; is fetching working?
[Thu Jun 24 22:09:01.037850 2021] [pagespeed:error] [pid 5710:tid 140340589483776] [mod_pagespeed 1.13.35.2-0 @5710] PageSpeed Serf fetch failure rate extremely high; only 31 of 73 recent fetches fully successful; is fetching working?
[Fri Jun 25 00:00:11.579095 2021] [mpm_event:notice] [pid 11306:tid 140341438166784] AH00493: SIGUSR1 received.  Doing graceful restart
[Fri Jun 25 00:00:11.899774 2021] [mpm_event:notice] [pid 11306:tid 140341438166784] AH00489: Apache/2.4.41 (Unix) OpenSSL/1.1.1c configured -- resuming normal operations
[Fri Jun 25 00:00:11.899794 2021] [core:notice] [pid 11306:tid 140341438166784] AH00094: Command line: '/opt/bitnami/apache2/bin/httpd.bin -f /opt/bitnami/apache2/conf/httpd.conf -D DISABLE_BANNER'
[Fri Jun 25 01:44:51.482432 2021] [pagespeed:error] [pid 13863:tid 140340597876480] [mod_pagespeed 1.13.35.2-0 @13863] PageSpeed Serf fetch failure rate extremely high; only 15 of 43 recent fetches fully successful; is fetching working?
[Fri Jun 25 03:28:10.432426 2021] [pagespeed:error] [pid 13863:tid 140340597876480] [mod_pagespeed 1.13.35.2-0 @13863] PageSpeed Serf fetch failure rate extremely high; only 15 of 44 recent fetches fully successful; is fetching working?
[Fri Jun 25 04:05:24.282299 2021] [pagespeed:error] [pid 13863:tid 140340597876480] [mod_pagespeed 1.13.35.2-0 @13863] PageSpeed Serf fetch failure rate extremely high; only 16 of 34 recent fetches fully successful; is fetching working?
[Fri Jun 25 05:25:55.155969 2021] [pagespeed:error] [pid 13863:tid 140340597876480] [mod_pagespeed 1.13.35.2-0 @13863] PageSpeed Serf fetch failure rate extremely high; only 0 of 14 recent fetches fully successful; is fetching working?
[Fri Jun 25 07:30:48.662589 2021] [pagespeed:error] [pid 13717:tid 140340589483776] [mod_pagespeed 1.13.35.2-0 @13717] PageSpeed Serf fetch failure rate extremely high; only 0 of 29 recent fetches fully successful; is fetching working?
[Fri Jun 25 08:10:56.180825 2021] [pagespeed:error] [pid 13863:tid 140340597876480] [mod_pagespeed 1.13.35.2-0 @13863] PageSpeed Serf fetch failure rate extremely high; only 16 of 44 recent fetches fully successful; is fetching working?
[Fri Jun 25 10:41:17.895064 2021] [authz_core:error] [pid 13863:tid 140340631447296] [client 45.61.186.43:47630] AH01630: client denied by server configuration: /opt/bitnami/apps/phpmyadmin/htdocs/scripts
[Fri Jun 25 12:00:30.138851 2021] [pagespeed:error] [pid 13863:tid 140340597876480] [mod_pagespeed 1.13.35.2-0 @13863] PageSpeed Serf fetch failure rate extremely high; only 16 of 43 recent fetches fully successful; is fetching working?
[Fri Jun 25 15:02:59.118754 2021] [pagespeed:error] [pid 13863:tid 140340597876480] [mod_pagespeed 1.13.35.2-0 @13863] PageSpeed Serf fetch failure rate extremely high; only 1 of 33 recent fetches fully successful; is fetching working?
[Fri Jun 25 15:58:17.321212 2021] [pagespeed:error] [pid 13863:tid 140340597876480] [mod_pagespeed 1.13.35.2-0 @13863] PageSpeed Serf fetch failure rate extremely high; only 29 of 59 recent fetches fully successful; is fetching working?
[Fri Jun 25 18:03:28.674738 2021] [pagespeed:error] [pid 13863:tid 140340597876480] [mod_pagespeed 1.13.35.2-0 @13863] PageSpeed Serf fetch failure rate extremely high; only 1 of 14 recent fetches fully successful; is fetching working?
[Fri Jun 25 20:51:34.631361 2021] [pagespeed:error] [pid 13863:tid 140340597876480] [mod_pagespeed 1.13.35.2-0 @13863] PageSpeed Serf fetch failure rate extremely high; only 0 of 14 recent fetches fully successful; is fetching working?
[Fri Jun 25 22:58:32.048465 2021] [pagespeed:error] [pid 13863:tid 140340597876480] [mod_pagespeed 1.13.35.2-0 @13863] PageSpeed Serf fetch failure rate extremely high; only 31 of 73 recent fetches fully successful; is fetching working?
[Sat Jun 26 00:00:04.773890 2021] [mpm_event:notice] [pid 11306:tid 140341438166784] AH00493: SIGUSR1 received.  Doing graceful restart
[Sat Jun 26 00:00:05.286440 2021] [mpm_event:notice] [pid 11306:tid 140341438166784] AH00489: Apache/2.4.41 (Unix) OpenSSL/1.1.1c configured -- resuming normal operations
[Sat Jun 26 00:00:05.286467 2021] [core:notice] [pid 11306:tid 140341438166784] AH00094: Command line: '/opt/bitnami/apache2/bin/httpd.bin -f /opt/bitnami/apache2/conf/httpd.conf -D DISABLE_BANNER'
[Sat Jun 26 02:07:53.711381 2021] [pagespeed:error] [pid 22986:tid 140340589483776] [mod_pagespeed 1.13.35.2-0 @22986] PageSpeed Serf fetch failure rate extremely high; only 0 of 28 recent fetches fully successful; is fetching working?
[Sat Jun 26 02:53:11.168971 2021] [pagespeed:error] [pid 22848:tid 140340589483776] [mod_pagespeed 1.13.35.2-0 @22848] PageSpeed Serf fetch failure rate extremely high; only 0 of 29 recent fetches fully successful; is fetching working?
[Sat Jun 26 03:29:03.453199 2021] [pagespeed:error] [pid 22848:tid 140340589483776] [mod_pagespeed 1.13.35.2-0 @22848] PageSpeed Serf fetch failure rate extremely high; only 0 of 15 recent fetches fully successful; is fetching working?
[Sat Jun 26 04:05:12.855478 2021] [pagespeed:error] [pid 22986:tid 140340589483776] [mod_pagespeed 1.13.35.2-0 @22986] PageSpeed Serf fetch failure rate extremely high; only 15 of 45 recent fetches fully successful; is fetching working?
[Sat Jun 26 04:59:20.717732 2021] [pagespeed:error] [pid 22986:tid 140340589483776] [mod_pagespeed 1.13.35.2-0 @22986] PageSpeed Serf fetch failure rate extremely high; only 1 of 14 recent fetches fully successful; is fetching working?
[Sat Jun 26 09:00:33.461821 2021] [pagespeed:error] [pid 22848:tid 140340589483776] [mod_pagespeed 1.13.35.2-0 @22848] PageSpeed Serf fetch failure rate extremely high; only 16 of 58 recent fetches fully successful; is fetching working?
[Sat Jun 26 12:53:33.081150 2021] [pagespeed:error] [pid 22848:tid 140340589483776] [mod_pagespeed 1.13.35.2-0 @22848] PageSpeed Serf fetch failure rate extremely high; only 0 of 15 recent fetches fully successful; is fetching working?
[Sat Jun 26 13:41:42.860423 2021] [pagespeed:error] [pid 22986:tid 140340589483776] [mod_pagespeed 1.13.35.2-0 @22986] PageSpeed Serf fetch failure rate extremely high; only 16 of 63 recent fetches fully successful; is fetching working?
[Sat Jun 26 16:50:15.946081 2021] [pagespeed:error] [pid 22986:tid 140340589483776] [mod_pagespeed 1.13.35.2-0 @22986] PageSpeed Serf fetch failure rate extremely high; only 14 of 29 recent fetches fully successful; is fetching working?
[Sat Jun 26 18:51:28.456832 2021] [pagespeed:error] [pid 22986:tid 140340589483776] [mod_pagespeed 1.13.35.2-0 @22986] PageSpeed Serf fetch failure rate extremely high; only 15 of 48 recent fetches fully successful; is fetching working?
[Sat Jun 26 18:52:53.753709 2021] [core:error] [pid 22986:tid 140341118224128] (36)File name too long: [client 178.79.177.38:44122] AH00036: access to /3000D00E0000FFFF3F0031313744373731343634304537353046007A7A7A7A7A7A7A7A7A7A7A7A7A7A7A0000000000000000000000000000000000000000000000000000000000000000000000000000000000000000000001000008047A7A7A7A7A7A7A7A7A0000000000000000000000000000000000000000000000000000000000000000 failed (filesystem path '/opt/bitnami/apps/wordpress/htdocs/3000D00E0000FFFF3F0031313744373731343634304537353046007A7A7A7A7A7A7A7A7A7A7A7A7A7A7A0000000000000000000000000000000000000000000000000000000000000000000000000000000000000000000001000008047A7A7A7A7A7A7A7A7A0000000000000000000000000000000000000000000000000000000000000000')
[Sat Jun 26 19:45:43.798756 2021] [pagespeed:error] [pid 22986:tid 140340589483776] [mod_pagespeed 1.13.35.2-0 @22986] PageSpeed Serf fetch failure rate extremely high; only 30 of 67 recent fetches fully successful; is fetching working?
[Sat Jun 26 21:07:19.037274 2021] [pagespeed:error] [pid 22848:tid 140340589483776] [mod_pagespeed 1.13.35.2-0 @22848] PageSpeed Serf fetch failure rate extremely high; only 0 of 19 recent fetches fully successful; is fetching working?
[Sat Jun 26 21:40:55.519734 2021] [pagespeed:error] [pid 22848:tid 140340589483776] [mod_pagespeed 1.13.35.2-0 @22848] PageSpeed Serf fetch failure rate extremely high; only 1 of 29 recent fetches fully successful; is fetching working?
[Sat Jun 26 22:19:36.261028 2021] [pagespeed:error] [pid 22986:tid 140340589483776] [mod_pagespeed 1.13.35.2-0 @22986] PageSpeed Serf fetch failure rate extremely high; only 15 of 34 recent fetches fully successful; is fetching working?
[Sun Jun 27 00:00:05.093850 2021] [mpm_event:notice] [pid 11306:tid 140341438166784] AH00493: SIGUSR1 received.  Doing graceful restart
[Sun Jun 27 00:00:05.901598 2021] [mpm_event:notice] [pid 11306:tid 140341438166784] AH00489: Apache/2.4.41 (Unix) OpenSSL/1.1.1c configured -- resuming normal operations
[Sun Jun 27 00:00:05.901617 2021] [core:notice] [pid 11306:tid 140341438166784] AH00094: Command line: '/opt/bitnami/apache2/bin/httpd.bin -f /opt/bitnami/apache2/conf/httpd.conf -D DISABLE_BANNER'
[Sun Jun 27 00:58:41.751618 2021] [pagespeed:error] [pid 29157:tid 140340589483776] [mod_pagespeed 1.13.35.2-0 @29157] PageSpeed Serf fetch failure rate extremely high; only 14 of 48 recent fetches fully successful; is fetching working?
[Sun Jun 27 01:29:05.979405 2021] [pagespeed:error] [pid 29157:tid 140340589483776] [mod_pagespeed 1.13.35.2-0 @29157] PageSpeed Serf fetch failure rate extremely high; only 15 of 38 recent fetches fully successful; is fetching working?
[Sun Jun 27 02:07:15.965518 2021] [pagespeed:error] [pid 29021:tid 140340589483776] [mod_pagespeed 1.13.35.2-0 @29021] PageSpeed Serf fetch failure rate extremely high; only 15 of 64 recent fetches fully successful; is fetching working?
[Sun Jun 27 02:41:55.409172 2021] [pagespeed:error] [pid 29157:tid 140340589483776] [mod_pagespeed 1.13.35.2-0 @29157] PageSpeed Serf fetch failure rate extremely high; only 15 of 43 recent fetches fully successful; is fetching working?
[Sun Jun 27 03:19:30.871193 2021] [pagespeed:error] [pid 29157:tid 140340589483776] [mod_pagespeed 1.13.35.2-0 @29157] PageSpeed Serf fetch failure rate extremely high; only 15 of 49 recent fetches fully successful; is fetching working?
[Sun Jun 27 03:58:42.564823 2021] [pagespeed:error] [pid 29157:tid 140340589483776] [mod_pagespeed 1.13.35.2-0 @29157] PageSpeed Serf fetch failure rate extremely high; only 15 of 33 recent fetches fully successful; is fetching working?
[Sun Jun 27 04:33:09.507527 2021] [pagespeed:error] [pid 29157:tid 140340589483776] [mod_pagespeed 1.13.35.2-0 @29157] PageSpeed Serf fetch failure rate extremely high; only 15 of 79 recent fetches fully successful; is fetching working?
[Sun Jun 27 05:03:24.018174 2021] [pagespeed:error] [pid 29021:tid 140340589483776] [mod_pagespeed 1.13.35.2-0 @29021] PageSpeed Serf fetch failure rate extremely high; only 15 of 74 recent fetches fully successful; is fetching working?
[Sun Jun 27 05:43:30.350848 2021] [pagespeed:error] [pid 29021:tid 140340589483776] [mod_pagespeed 1.13.35.2-0 @29021] PageSpeed Serf fetch failure rate extremely high; only 15 of 71 recent fetches fully successful; is fetching working?
[Sun Jun 27 06:14:53.926730 2021] [pagespeed:error] [pid 29157:tid 140340589483776] [mod_pagespeed 1.13.35.2-0 @29157] PageSpeed Serf fetch failure rate extremely high; only 1 of 56 recent fetches fully successful; is fetching working?
[Sun Jun 27 07:01:48.481569 2021] [pagespeed:error] [pid 29157:tid 140340589483776] [mod_pagespeed 1.13.35.2-0 @29157] PageSpeed Serf fetch failure rate extremely high; only 14 of 46 recent fetches fully successful; is fetching working?
[Sun Jun 27 07:40:36.327293 2021] [pagespeed:error] [pid 29157:tid 140340589483776] [mod_pagespeed 1.13.35.2-0 @29157] PageSpeed Serf fetch failure rate extremely high; only 15 of 50 recent fetches fully successful; is fetching working?
[Sun Jun 27 08:18:04.269580 2021] [pagespeed:error] [pid 29157:tid 140340589483776] [mod_pagespeed 1.13.35.2-0 @29157] PageSpeed Serf fetch failure rate extremely high; only 1 of 52 recent fetches fully successful; is fetching working?
[Sun Jun 27 08:51:32.813650 2021] [pagespeed:error] [pid 29021:tid 140340589483776] [mod_pagespeed 1.13.35.2-0 @29021] PageSpeed Serf fetch failure rate extremely high; only 29 of 62 recent fetches fully successful; is fetching working?
[Sun Jun 27 09:22:00.363429 2021] [pagespeed:error] [pid 29022:tid 140340589483776] [mod_pagespeed 1.13.35.2-0 @29022] PageSpeed Serf fetch failure rate extremely high; only 15 of 52 recent fetches fully successful; is fetching working?
[Sun Jun 27 09:54:05.870487 2021] [pagespeed:error] [pid 29157:tid 140340589483776] [mod_pagespeed 1.13.35.2-0 @29157] PageSpeed Serf fetch failure rate extremely high; only 15 of 52 recent fetches fully successful; is fetching working?
[Sun Jun 27 10:40:24.092012 2021] [pagespeed:error] [pid 29157:tid 140340589483776] [mod_pagespeed 1.13.35.2-0 @29157] PageSpeed Serf fetch failure rate extremely high; only 0 of 18 recent fetches fully successful; is fetching working?
[Sun Jun 27 11:17:52.313843 2021] [pagespeed:error] [pid 29157:tid 140340589483776] [mod_pagespeed 1.13.35.2-0 @29157] PageSpeed Serf fetch failure rate extremely high; only 15 of 47 recent fetches fully successful; is fetching working?
[Sun Jun 27 11:53:49.151615 2021] [pagespeed:error] [pid 29157:tid 140340589483776] [mod_pagespeed 1.13.35.2-0 @29157] PageSpeed Serf fetch failure rate extremely high; only 30 of 71 recent fetches fully successful; is fetching working?
[Sun Jun 27 13:16:10.600630 2021] [pagespeed:error] [pid 29021:tid 140340589483776] [mod_pagespeed 1.13.35.2-0 @29021] PageSpeed Serf fetch failure rate extremely high; only 15 of 47 recent fetches fully successful; is fetching working?
[Sun Jun 27 14:01:28.558727 2021] [pagespeed:error] [pid 29022:tid 140340589483776] [mod_pagespeed 1.13.35.2-0 @29022] PageSpeed Serf fetch failure rate extremely high; only 31 of 67 recent fetches fully successful; is fetching working?
[Sun Jun 27 15:14:59.269218 2021] [pagespeed:error] [pid 29022:tid 140340589483776] [mod_pagespeed 1.13.35.2-0 @29022] PageSpeed Serf fetch failure rate extremely high; only 0 of 33 recent fetches fully successful; is fetching working?
[Sun Jun 27 15:56:14.991056 2021] [pagespeed:error] [pid 29157:tid 140340589483776] [mod_pagespeed 1.13.35.2-0 @29157] PageSpeed Serf fetch failure rate extremely high; only 1 of 24 recent fetches fully successful; is fetching working?
[Sun Jun 27 17:51:11.018802 2021] [pagespeed:error] [pid 29157:tid 140340589483776] [mod_pagespeed 1.13.35.2-0 @29157] PageSpeed Serf fetch failure rate extremely high; only 30 of 78 recent fetches fully successful; is fetching working?
[Sun Jun 27 20:17:28.552736 2021] [pagespeed:error] [pid 29157:tid 140340589483776] [mod_pagespeed 1.13.35.2-0 @29157] PageSpeed Serf fetch failure rate extremely high; only 1 of 23 recent fetches fully successful; is fetching working?
[Sun Jun 27 21:33:49.386799 2021] [pagespeed:error] [pid 29022:tid 140340589483776] [mod_pagespeed 1.13.35.2-0 @29022] PageSpeed Serf fetch failure rate extremely high; only 15 of 34 recent fetches fully successful; is fetching working?
[Sun Jun 27 22:07:49.832712 2021] [pagespeed:error] [pid 29157:tid 140340589483776] [mod_pagespeed 1.13.35.2-0 @29157] PageSpeed Serf fetch failure rate extremely high; only 15 of 72 recent fetches fully successful; is fetching working?
[Sun Jun 27 23:12:01.693945 2021] [proxy_fcgi:error] [pid 29157:tid 140340681803520] (-102)Unknown error -102: [client 157.245.176.143:59186] AH01075: Error dispatching request to : (reading input brigade)
[Mon Jun 28 00:00:04.888415 2021] [mpm_event:notice] [pid 11306:tid 140341438166784] AH00493: SIGUSR1 received.  Doing graceful restart
[Mon Jun 28 00:00:05.202445 2021] [mpm_event:notice] [pid 11306:tid 140341438166784] AH00489: Apache/2.4.41 (Unix) OpenSSL/1.1.1c configured -- resuming normal operations
[Mon Jun 28 00:00:05.202473 2021] [core:notice] [pid 11306:tid 140341438166784] AH00094: Command line: '/opt/bitnami/apache2/bin/httpd.bin -f /opt/bitnami/apache2/conf/httpd.conf -D DISABLE_BANNER'
[Mon Jun 28 01:14:10.259801 2021] [authz_core:error] [pid 2864:tid 140340900013824] [client 193.169.254.115:47798] AH01630: client denied by server configuration: /opt/bitnami/apps/phpmyadmin/htdocs/print.css
[Mon Jun 28 01:31:50.782438 2021] [pagespeed:error] [pid 3009:tid 140340589483776] [mod_pagespeed 1.13.35.2-0 @3009] PageSpeed Serf fetch failure rate extremely high; only 14 of 38 recent fetches fully successful; is fetching working?
[Mon Jun 28 03:24:26.598763 2021] [pagespeed:error] [pid 3009:tid 140340589483776] [mod_pagespeed 1.13.35.2-0 @3009] PageSpeed Serf fetch failure rate extremely high; only 1 of 24 recent fetches fully successful; is fetching working?
[Mon Jun 28 06:02:37.905614 2021] [pagespeed:error] [pid 2864:tid 140340589483776] [mod_pagespeed 1.13.35.2-0 @2864] PageSpeed Serf fetch failure rate extremely high; only 16 of 45 recent fetches fully successful; is fetching working?
[Mon Jun 28 06:25:02.013658 2021] [mpm_event:notice] [pid 11306:tid 140341438166784] AH00493: SIGUSR1 received.  Doing graceful restart
